// Jest Snapshot v1, https://goo.gl/fbAQLP

exports[`Pruebas en el componente MultipleCustomHooks. debe de hacer match con el snapshot. 1`] = `
<Fragment>
  <h1>
    Breaking Bad Quotes
  </h1>
  <hr />
  <div
    className="alert alert-info text-center"
  >
    Loading...
  </div>
</Fragment>
`;
