// Jest Snapshot v1, https://goo.gl/fbAQLP

exports[`Pruebas en el componente RealExampleRef. debe de hacer match con el snapshot. 1`] = `
<div>
  <h1>
    RealExampleRef
  </h1>
  <hr />
  <button
    className="btn btn-outline-primary mt-5"
    onClick={[Function]}
  >
    Hide/Show
  </button>
</div>
`;
