// Jest Snapshot v1, https://goo.gl/fbAQLP

exports[`Tests in HooksApp component. debe de hacer match con el snapshot. 1`] = `
<div>
  <h1>
    Hola mundo
  </h1>
</div>
`;
