// Jest Snapshot v1, https://goo.gl/fbAQLP

exports[`Pruebas en el componente HomeScreen. debe de hacer match con el snapshot. 1`] = `
<div>
  <h1>
    HomeScreen
  </h1>
  <hr />
  <pre
    className="container"
  >
    {
   "name": "Alex",
   "email": "alex@test.com"
}
  </pre>
</div>
`;
